Calculating the square of 2.000000
Returning 4.000000
4