Honda Accord 2019, internal combustion engine, 250 hp
Starting the car...
