Breakfast menu: apple, orange, banana
Enter the first letter of a fruit to make a selection: Sorry, no such option