Enter a positive number: You entered 18
Numbers from zero to 18
0 1 2 3 4 5 6 7 8 9 10 11 12 13 14 15 16 17 
Numbers from 18 to zero
18 17 16 15 14 13 12 11 10 9 8 7 6 5 4 3 2 1 0 